<?xml version="1.0" encoding="utf-8"?>
<TestRun id="0ed82506-cc95-458c-a716-ff5461e6bf19" name="bear_@NOTHING 2025-12-06 21:38:37" runUser="NOTHING\bear_" xmlns="http://microsoft.com/schemas/VisualStudio/TeamTest/2010">
  <Times creation="2025-12-06T21:38:37.5062586-05:00" queuing="2025-12-06T21:38:37.5062600-05:00" start="2025-12-06T21:38:27.4444105-05:00" finish="2025-12-06T21:38:37.5205990-05:00" />
  <TestSettings name="default" id="f023a6f5-da73-46cc-9e19-a326928a5132">
    <Deployment runDeploymentRoot="bear__NOTHING_2025-12-06_21_38_37" />
  </TestSettings>
  <Results>
    <UnitTestResult executionId="dc0ad79f-1dc4-4e2a-8b5a-9428129870a1" testId="7b34d077-7621-cc3c-0160-527f2fa3021c" testName="SupplementServiceTests.GetAll_ReturnsSeedData" computerName="NOTHING" duration="00:00:00.0039309" startTime="2025-12-06T21:38:37.4192188-05:00" endTime="2025-12-06T21:38:37.4192735-05:00" testType="13cdc9d9-ddb5-4fa4-a97d-d965ccfc6d4b" outcome="Passed" testListId="8c84fa94-04c1-424b-9868-57a2d4851a1d" relativeResultsDirectory="dc0ad79f-1dc4-4e2a-8b5a-9428129870a1" />
  </Results>
  <TestDefinitions>
    <UnitTest name="SupplementServiceTests.GetAll_ReturnsSeedData" storage="c:\users\bear_\desktop\development\projects\supplementapp-teamai\bff\tests\bin\debug\netcoreapp3.1\supplementapp.bff.tests.dll" id="7b34d077-7621-cc3c-0160-527f2fa3021c">
      <Execution id="dc0ad79f-1dc4-4e2a-8b5a-9428129870a1" />
      <TestMethod codeBase="C:\Users\bear_\Desktop\Development\Projects\SupplementApp-TeamAI\bff\tests\bin\Debug\netcoreapp3.1\SupplementApp.Bff.Tests.dll" adapterTypeName="executor://xunit/VsTestRunner2/netcoreapp" className="SupplementServiceTests" name="GetAll_ReturnsSeedData" />
    </UnitTest>
  </TestDefinitions>
  <TestEntries>
    <TestEntry testId="7b34d077-7621-cc3c-0160-527f2fa3021c" executionId="dc0ad79f-1dc4-4e2a-8b5a-9428129870a1" testListId="8c84fa94-04c1-424b-9868-57a2d4851a1d" />
  </TestEntries>
  <TestLists>
    <TestList name="Results Not in a List" id="8c84fa94-04c1-424b-9868-57a2d4851a1d" />
    <TestList name="All Loaded Results" id="19431567-8539-422a-85d7-44ee4e166bda" />
  </TestLists>
  <ResultSummary outcome="Completed">
    <Counters total="1" executed="1" passed="1" failed="0" error="0" timeout="0" aborted="0" inconclusive="0" passedButRunAborted="0" notRunnable="0" notExecuted="0" disconnected="0" warning="0" completed="0" inProgress="0" pending="0" />
    <Output>
      <StdOut>[xUnit.net 00:00:00.00] xUnit.net VSTest Adapter v2.4.5+1caef2f33e (64-bit .NET Core 3.1.2)&#xD;
[xUnit.net 00:00:08.85]   Discovering: SupplementApp.Bff.Tests&#xD;
[xUnit.net 00:00:08.87]   Discovered:  SupplementApp.Bff.Tests&#xD;
[xUnit.net 00:00:08.88]   Starting:    SupplementApp.Bff.Tests&#xD;
[xUnit.net 00:00:08.94]   Finished:    SupplementApp.Bff.Tests&#xD;
</StdOut>
    </Output>
  </ResultSummary>
</TestRun>